// Jest Snapshot v1, https://goo.gl/fbAQLP

exports[`BookCard component test with Enzyme renders without crashing 1`] = `
<BookCardStyled__BookCardContainer>
  <BookCardStyled__BookCardImage
    alt="image"
    src="https://cdn.iconscout.com/icon/free/png-256/avatar-372-456322.png"
  />
  <BookCardStyled__BookCardBody
    className="book-card__body"
  >
    <BookCardStyled__BookCardName
      onClick={[Function]}
    >
      Name
      : 
      Book1
    </BookCardStyled__BookCardName>
    <BookCardStyled__BookCardGenre>
      Genre
      : 
      Drama
    </BookCardStyled__BookCardGenre>
    <Link
      to="/book/123"
    >
      Author data here
    </Link>
  </BookCardStyled__BookCardBody>
</BookCardStyled__BookCardContainer>
`;
